<ul class="navigation">
    <li>
        <a href="page1">Page 1</a>
        <ul>
            <li>
                <a href="page1/page1_1">TextDomain1 1.1</a>
            </li>
        </ul>
    </li>
    <li class="active">
        <a href="page2">TextDomain1 2</a>
        <ul>
            <li>
                <a href="page2/page2_1">Page 2.1</a>
            </li>
            <li class="active">
                <a href="page2/page2_2">Page 2.2</a>
                <ul>
                    <li>
                        <a href="page2/page2_2/page2_2_1">Page 2.2.1</a>
                    </li>
                    <li class="active">
                        <a href="page2/page2_2/page2_2_2">Page 2.2.2</a>
                    </li>
                </ul>
            </li>
            <li class="active">
                <a href="page2/page2_3">Page 2.3</a>
                <ul>
                    <li>
                        <a href="page2/page2_3/page2_3_1">Page 2.3.1</a>
                    </li>
                    <li class="active">
                        <a href="page2/page2_3/page2_3_3">TextDomain1 2.3.3</a>
                        <ul>
                            <li class="active">
                                <a href="page2/page2_3/page2_3_3/1">TextDomain2 2.3.3.1</a>
                            </li>
                            <li class="active">
                                <a href="page2/page2_3/page2_3_3/2">Page 2.3.3.2</a>
                            </li>
                        </ul>
                    </li>
                </ul>
            </li>
        </ul>
    </li>
</ul>
