<a href="page2">TextDomain1 2</a> &gt; <a href="page2/page2_3">Page 2.3</a> &gt; <a href="page2/page2_3/page2_3_3">TextDomain1 2.3.3</a> &gt; TextDomain2 2.3.3.1
